export const snapshot = {};

snapshot[`error / unsupported operation 1`] = `'echo "operation requested not supported: invalid'`;

snapshot[`error / unsupported shell 1`] = `'echo "shell requested not supported: invalid"'`;

snapshot[`error / operation request missing 1`] = `'echo "operation request missing"'`;

snapshot[`error / shell request missing 1`] = `'echo "shell request missing"'`;

snapshot[`error / command not found (nu) 1`] = `
\`\$env.REQ_URL_CFG = r#'http://x/cfg'#

\$env.REQ_URL_SH = r#'http://x/sh/nu/file/invalid'#

def opPrint --wrapped [...args] {
  if SUCCINCT in \$env {
    return
  }
  \$"(\$args | flatten | str join ' ')" | print
}

def opPrintErr --wrapped [...args] {
  if SUCCINCT in \$env {
    return
  }
  if GRAYSCALE in \$env {
    \$"(\$args | flatten | str join ' ')" | print --stderr
    return
  }
  \$"(ansi red)(\$args | flatten | str join ' ')(ansi reset)" | print --stderr
}

def opPrintSucc --wrapped [...args] {
  if SUCCINCT in \$env {
    return
  }
  if GRAYSCALE in \$env {
    \$"(\$args | flatten | str join ' ')" | print
    return
  }
  \$"(ansi green)(\$args | flatten | str join ' ')(ansi reset)" | print
}

def opPrintWarn --wrapped [...args] {
  if SUCCINCT in \$env {
    return
  }
  if GRAYSCALE in \$env {
    \$"(\$args | flatten | str join ' ')" | print
    return
  }
  \$"(ansi yellow)(\$args | flatten | str join ' ')(ansi reset)" | print
}

def opPrintInfo --wrapped [...args] {
  if SUCCINCT in \$env {
    return
  }
  if GRAYSCALE in \$env {
    \$"(\$args | flatten | str join ' ')" | print
    return
  }
  \$"(ansi blue)(\$args | flatten | str join ' ')(ansi reset)" | print
}

def opPrintCmd --wrapped [...args] {
  if SUCCINCT in \$env {
    return
  }
  if GRAYSCALE in \$env {
    \$"(\$args | flatten | str join ' ')" | print
    return
  }
  let args = \$args | flatten
  \$"(ansi magenta)(\$args | first)(ansi reset)" | print --no-newline
  if (\$args | length) > 1 {
    \$" (ansi cyan)(\$args | skip 1 | str join ' ')(ansi reset)" | print
  }
}

def opMaybePrintCmd --wrapped [...args] {
  if NOOP not-in \$env {
    opPrintCmd ...\$args
  }
}

def opRunCmd --wrapped [...args] {
  nu --no-config-file -c \$"(\$args | flatten | str join ' ')"
}

def opRunSilentCmd --wrapped [...args] {
  nu --no-config-file -c \$"(\$args | flatten | str join ' ') o+e> | silent"
}

def opMaybeRunCmd --wrapped [...args] {
  if NOOP not-in \$env {
    opRunCmd ...\$args
  }
}

def opMaybeRunSilentCmd --wrapped [...args] {
  if NOOP not-in \$env {
    opRunSilentCmd ...\$args
  }
}

def opPrintRunCmd --wrapped [...args] {
  opPrintCmd ...\$args
  opRunCmd ...\$args
}

def opPrintMaybeRunCmd --wrapped [...args] {
  opPrintCmd ...\$args
  opMaybeRunCmd ...\$args
}


\$env.SH_VERS_MAJOR = 0

\$env.SH_VERS_MINOR = 111

do {
  let major = \$env.SH_VERS_MAJOR | into int
  let minor = \$env.SH_VERS_MINOR | into int

  if ((version | get major) < \$major) or ((version | get minor) < \$minor) {
    opPrintErr \$"nu must be >= '(\$major).(\$minor)' .. found '(version | get version)' .. aborting"
    exit 1
  }
}


\$env.SYS_CPU_ARCH = match (uname | get machine | str downcase) {
  arm64 => 'aarch64',
  amd64 => 'x86_64',
  \$x => \$x,
}
\$env.REQ_URL_SH = \$"(\$env.REQ_URL_SH)?sysCpuArch=(\$env.SYS_CPU_ARCH)"

let _raw_vend = sys cpu | first | get name | str downcase
\$env.SYS_CPU_VEND = match \$_raw_vend {
  \$x if (\$x | str starts-with amd) => 'amd',
  \$x if (\$x | str starts-with apple) => 'apple',
  \$x if (\$x | str starts-with arm) => 'arm',
  \$x if (\$x | str starts-with intel) => 'intel',
}
if \$env.SYS_CPU_VEND != null {
  \$env.REQ_URL_SH = \$"(\$env.REQ_URL_SH)&sysCpuVend=(\$env.SYS_CPU_VEND)"
}

\$env.SYS_HOST = sys host | get hostname | str downcase
\$env.REQ_URL_SH = \$"(\$env.REQ_URL_SH)&sysHost=(\$env.SYS_HOST)"

\$env.SYS_OS_PLAT = match (uname | get kernel-name | str downcase) {
  darwin => 'darwin',
  linux => 'linux',
  windows_nt => 'winnt',
  \$x => \$x,
}
\$env.REQ_URL_SH = \$"(\$env.REQ_URL_SH)&sysOsPlat=(\$env.SYS_OS_PLAT)"

if \$env.SYS_OS_PLAT == linux {
  if SYS_OS_DE not-in \$env and XDG_SESSION_DESKTOP in \$env {
    \$env.SYS_OS_DE = match (\$env.XDG_SESSION_DESKTOP | str downcase) {
      kde => 'plasma',
      rpd | rpd-labwc => 'lxde',
      \$x => \$x,
    }
    \$env.REQ_URL_SH = \$"(\$env.REQ_URL_SH)&sysOsDe=(\$env.SYS_OS_DE)"
  }

  if ('/etc/os-release' | path exists) {
    open /etc/os-release
      | lines
      | parse '{key}={value}'
      | update value { |v| str trim --char '"' }
      | transpose --as-record --header-row
      | load-env

    if SYS_OS not-in \$env and ID in \$env {
      \$env.SYS_OS = \$env.ID | str downcase
      \$env.REQ_URL_SH = \$"(\$env.REQ_URL_SH)&sysOs=(\$env.SYS_OS)"
    }

    if SYS_OS_LIKE not-in \$env and SYS_OS in \$env {
      \$env.SYS_OS_LIKE = if ID_LIKE in \$env { \$"(\$env.SYS_OS)_(\$env.ID_LIKE | str downcase)" } else { \$env.SYS_OS } | str replace --all ' ' '_'
      \$env.REQ_URL_SH = \$"(\$env.REQ_URL_SH)&sysOsLike=(\$env.SYS_OS_LIKE)"
    }

    if SYS_OS_VERS not-in \$env and VERSION_ID in \$env {
      \$env.SYS_OS_VERS = \$env.VERSION_ID | str downcase
      \$env.REQ_URL_SH = \$"(\$env.REQ_URL_SH)&sysOsVers=(\$env.SYS_OS_VERS)"
    }

    if SYS_OS_VERS_CODE not-in \$env and VERSION_CODENAME in \$env {
      \$env.SYS_OS_VERS_CODE = \$env.VERSION_CODENAME | str downcase
      \$env.REQ_URL_SH = \$"(\$env.REQ_URL_SH)&sysOsVersCode=(\$env.SYS_OS_VERS_CODE)"
    }
  }
}

\$env.SYS_USER = whoami | str downcase
\$env.REQ_URL_SH = \$"(\$env.REQ_URL_SH)&sysUser=(\$env.SYS_USER)"


nu --no-config-file -c \$"( http get --raw --redirect-mode follow \$env.REQ_URL_SH )"

\`
`;

snapshot[`error / command not found (pwsh) 1`] = `
\`\$REQ_URL_CFG = 'http://x/cfg'

\$REQ_URL_SH = 'http://x/sh/pwsh/file/invalid'

function opPrint {
  if (\$SUCCINCT) {
    return
  }
  [Console]::WriteLine(((\$args | ForEach-Object { \$_ }) -join ' '))
}

function opPrintErr {
  if (\$SUCCINCT) {
    return
  }
  if (\$GRAYSCALE) {
    [Console]::Error.WriteLine(((\$args | ForEach-Object { \$_ }) -join ' '))
    return
  }
  [Console]::ForegroundColor = 'red'
  [Console]::Error.WriteLine(((\$args | ForEach-Object { \$_ }) -join ' '))
  [Console]::ResetColor()
}

function opPrintSucc {
  if (\$SUCCINCT) {
    return
  }
  if (\$GRAYSCALE) {
    [Console]::WriteLine(((\$args | ForEach-Object { \$_ }) -join ' '))
    return
  }
  [Console]::ForegroundColor = 'green'
  [Console]::WriteLine(((\$args | ForEach-Object { \$_ }) -join ' '))
  [Console]::ResetColor()
}

function opPrintWarn {
  if (\$SUCCINCT) {
    return
  }
  if (\$GRAYSCALE) {
    [Console]::WriteLine(((\$args | ForEach-Object { \$_ }) -join ' '))
    return
  }
  [Console]::ForegroundColor = 'yellow'
  [Console]::WriteLine(((\$args | ForEach-Object { \$_ }) -join ' '))
  [Console]::ResetColor()
}

function opPrintInfo {
  if (\$SUCCINCT) {
    return
  }
  if (\$GRAYSCALE) {
    [Console]::WriteLine(((\$args | ForEach-Object { \$_ }) -join ' '))
    return
  }
  [Console]::ForegroundColor = 'blue'
  [Console]::WriteLine(((\$args | ForEach-Object { \$_ }) -join ' '))
  [Console]::ResetColor()
}

function opPrintCmd {
  if (\$SUCCINCT) {
    return
  }
  if (\$GRAYSCALE) {
    [Console]::WriteLine(((\$args | ForEach-Object { \$_ }) -join ' '))
    return
  }
  \$_args = \$args | ForEach-Object { \$_ }
  [Console]::ForegroundColor = 'magenta'
  [Console]::Write(\$_args[0])
  [Console]::ResetColor()
  if (\$args.Length -gt 1) {
    [Console]::Write(' ')
    [Console]::ForegroundColor = 'cyan'
    [Console]::WriteLine(((\$_args | Select-Object -Skip 1) -join ' '))
    [Console]::ResetColor()
  }
}

function opMaybePrintCmd {
  if (-not \$NOOP) {
    opPrintCmd @args
  }
}

function opRunCmd {
  Invoke-Expression "\$((\$args | ForEach-Object { \$_ }) -join ' ')"
}

function opRunSilentCmd {
  Invoke-Expression "\$((\$args | ForEach-Object { \$_ }) -join ' ') 6>&1 5>&1 4>&1 3>&1 2>&1 | Out-Null"
}

function opMaybeRunCmd {
  if (-not \$NOOP) {
    opRunCmd @args
  }
}

function opMaybeRunSilentCmd {
  if (-not \$NOOP) {
    opRunSilentCmd @args
  }
}

function opPrintRunCmd {
  opPrintCmd @args
  opRunCmd @args
}

function opPrintMaybeRunCmd {
  opPrintCmd @args
  opMaybeRunCmd @args
}


\$SH_VERS_MAJOR = 7

\$SH_VERS_MINOR = 5

& {
  \$major = \$SH_VERS_MAJOR -as [int]
  \$minor = \$SH_VERS_MINOR -as [int]

  if (\$PSVersionTable.PSVersion.Major -lt \$major -or \$PSVersionTable.PSVersion.Minor -lt \$minor) {
    opPrintErr "pwsh must be >= '\${major}.\${minor}' .. found '\$(\$PSVersionTable.PSVersion)' .. aborting"
    exit 1
  }
}


if (\$IsWindows) {
  \$_raw_arch = "\${env:PROCESSOR_ARCHITECTURE}".ToLower()
} else {
  \$_raw_arch = "\$(uname -m)".ToLower()
}
\$SYS_CPU_ARCH = switch (\$_raw_arch) {
  arm64 { 'aarch64' }
  amd64 { 'x86_64' }
  default { \$_raw_arch }
}
\$REQ_URL_SH = "\${REQ_URL_SH}?sysCpuArch=\${SYS_CPU_ARCH}"

if (\$IsWindows) {
  \$_raw_vend = "\$(Get-WmiObject -Class Win32_Processor | Select-Object -ExpandProperty Caption)".ToLower()
} elseif (\$IsLinux) {
  \$_raw_vend = "\$(lscpu | grep --ignore-case 'model name' | cut -d ':' -f 2 | xargs)".ToLower()
} else {
  \$_raw_vend = "\$(sysctl machdep.cpu.brand_string 2> /dev/null | cut -d ':' -f 2 | xargs)".ToLower()
}
\$SYS_CPU_VEND = switch -Wildcard (\$_raw_vend) {
  amd* { 'amd' }
  apple* { 'apple' }
  arm* { 'arm' }
  intel* { 'intel' }
}
if (\$SYS_CPU_VEND) {
  \$REQ_URL_SH = "\${REQ_URL_SH}&sysCpuVend=\${SYS_CPU_VEND}"
}

if (\$IsWindows) {
  \$SYS_HOST = "\${env:COMPUTERNAME}".ToLower()
} else {
  \$SYS_HOST = "\$(hostname)".ToLower()
}
\$REQ_URL_SH = "\${REQ_URL_SH}&sysHost=\${SYS_HOST}"

\$SYS_OS_PLAT = if (\$IsMacOS) { 'darwin' } elseif (\$IsLinux) { 'linux' } elseif (\$IsWindows) { 'winnt' } else { 'unknown' }
\$REQ_URL_SH = "\${REQ_URL_SH}&sysOsPlat=\${SYS_OS_PLAT}"

if (\$SYS_OS_PLAT -eq 'linux') {
  if (-not \$SYS_OS_DE -and \$XDG_SESSION_DESKTOP) {
    \$_de = "\${XDG_SESSION_DESKTOP}".ToLower()
    \$SYS_OS_DE = switch (\$_de) {
      kde { 'plasma' }
      rpd { 'lxde' }
      rpd-labwc { 'lxde' }
      default { \$_de }
    }
    \$REQ_URL_SH = "\${REQ_URL_SH}&sysOsDe=\${SYS_OS_DE}"
  }

  if (Test-Path /etc/os-release) {
    (Get-Content -Path /etc/os-release -Raw | ConvertFrom-StringData).GetEnumerator()
    | ForEach-Object {
      Set-Variable -Name "\$(\$_.Name)" -Value "\$(\$_.Value)".Trim('"')
    }

    if (-not \$SYS_OS -and \$ID) {
      \$SYS_OS = "\${ID}".ToLower()
      \$REQ_URL_SH = "\${REQ_URL_SH}&sysOs=\${SYS_OS}"
    }

    if (-not \$SYS_OS_LIKE -and \$SYS_OS) {
      \$SYS_OS_LIKE = "\$(if (\$ID_LIKE) { "\${SYS_OS}_\${ID_LIKE}" } else { "\${SYS_OS}" })".ToLower().Replace(' ', '_')
      \$REQ_URL_SH = "\${REQ_URL_SH}&sysOsLike=\${SYS_OS_LIKE}"
    }

    if (-not \$SYS_OS_VERS -and \$VERSION_ID) {
      \$SYS_OS_VERS = "\${VERSION_ID}".ToLower()
      \$REQ_URL_SH = "\${REQ_URL_SH}&sysOsVers=\${SYS_OS_VERS}"
    }

    if (-not \$SYS_OS_VERS_CODE -and \$VERSION_CODENAME) {
      \$SYS_OS_VERS_CODE = "\${VERSION_CODENAME}".ToLower()
      \$REQ_URL_SH = "\${REQ_URL_SH}&sysOsVersCode=\${SYS_OS_VERS_CODE}"
    }
  }
}

if (\$IsWindows) {
  \$SYS_USER = "\${env:USERNAME}".ToLower()
} else {
  \$SYS_USER = "\$(whoami)".ToLower()
}
\$REQ_URL_SH = "\${REQ_URL_SH}&sysUser=\${SYS_USER}"


Invoke-Expression "\$( Invoke-RestMethod -ErrorAction Stop -ProgressAction SilentlyContinue -Uri \$REQ_URL_SH )"

\`
`;

snapshot[`error / command not found (zsh) 1`] = `
\`REQ_URL_CFG='http://x/cfg'

REQ_URL_SH='http://x/sh/zsh/file/invalid'

function opPrint {
  if [[ \$SUCCINCT ]]; then
    return
  fi
  print -r -- "\$*"
}

function opPrintErr {
  if [[ \$SUCCINCT ]]; then
    return
  fi
  if [[ \$GRAYSCALE ]]; then
    print -r -- "\$*" >&2
    return
  fi
  print -n "\\\\033[0;31m" >&2
  print -n -r -- "\$*" >&2
  print "\\\\033[0m" >&2
}

function opPrintSucc {
  if [[ \$SUCCINCT ]]; then
    return
  fi
  if [[ \$GRAYSCALE ]]; then
    print -r -- "\$*"
    return
  fi
  print -n "\\\\033[0;32m"
  print -n -r -- "\$*"
  print "\\\\033[0m"
}

function opPrintWarn {
  if [[ \$SUCCINCT ]]; then
    return
  fi
  if [[ \$GRAYSCALE ]]; then
    print -r -- "\$*"
    return
  fi
  print -n "\\\\033[0;33m"
  print -n -r -- "\$*"
  print "\\\\033[0m"
}

function opPrintInfo {
  if [[ \$SUCCINCT ]]; then
    return
  fi
  if [[ \$GRAYSCALE ]]; then
    print -r -- "\$*"
    return
  fi
  print -n "\\\\033[0;34m"
  print -n -r -- "\$*"
  print "\\\\033[0m"
}

function opPrintCmd {
  if [[ \$SUCCINCT ]]; then
    return
  fi
  if [[ \$GRAYSCALE ]]; then
    print -r -- "\$*"
    return
  fi
  print -n "\\\\033[0;35m"
  print -n -r "\$1"
  print -n "\\\\033[0m"
  shift 1
  if [[ \$* ]]; then
    print -n " \\\\033[0;36m"
    print -n -r -- "\$*"
    print "\\\\033[0m"
  fi
}

function opMaybePrintCmd {
  if [[ -z \$NOOP ]]; then
    opPrintCmd "\$@"
  fi
}

function opRunCmd {
  eval "\$*"
}

function opRunSilentCmd {
  eval "\$*" &> /dev/null
}

function opMaybeRunCmd {
  if [[ -z \$NOOP ]]; then
    opRunCmd "\$@"
  fi
}

function opMaybeRunSilentCmd {
  if [[ -z \$NOOP ]]; then
    opRunSilentCmd "\$@"
  fi
}

function opPrintRunCmd {
  opPrintCmd "\$@"
  opRunCmd "\$@"
}

function opPrintMaybeRunCmd {
  opPrintCmd "\$@"
  opMaybeRunCmd "\$@"
}


SH_VERS_MAJOR=5

SH_VERS_MINOR=9

function () {
  local major=\$SH_VERS_MAJOR
  local minor=\$SH_VERS_MINOR

  autoload is-at-least
  if ! is-at-least "\${major}.\${minor}"; then
    opPrintErr "zsh must be >= '\${major}.\${minor}' .. found '\${ZSH_VERSION}' .. aborting"
    exit 1
  fi
}


_raw_arch="\${(L)\$(uname -m)}"
case "\$_raw_arch" in
  arm64) export SYS_CPU_ARCH='aarch64' ;;
  amd64) export SYS_CPU_ARCH='x86_64' ;;
  *) export SYS_CPU_ARCH="\$_raw_arch" ;;
esac
export REQ_URL_SH="\${REQ_URL_SH}?sysCpuArch=\${SYS_CPU_ARCH}"

if type lscpu > /dev/null; then
  _raw_vend="\${(L)\$(lscpu | grep --ignore-case 'model name' | cut -d ':' -f 2 | xargs)}"
elif type sysctl > /dev/null; then
  _raw_vend="\${(L)\$(sysctl machdep.cpu.brand_string 2> /dev/null | cut -d ':' -f 2 | xargs)}"
fi
case "\$_raw_vend" in
  amd*) export SYS_CPU_VEND='amd' ;;
  apple*) export SYS_CPU_VEND='apple' ;;
  arm*) export SYS_CPU_VEND='arm' ;;
  intel*) export SYS_CPU_VEND='intel' ;;
esac
if [[ \$SYS_CPU_VEND ]]; then
  export REQ_URL_SH="\${REQ_URL_SH}&sysCpuVend=\${SYS_CPU_VEND}"
fi

export SYS_HOST="\${(L)\$(hostname)}"
export REQ_URL_SH="\${REQ_URL_SH}&sysHost=\${SYS_HOST}"

_raw_plat="\${(L)\$(uname)}"
case "\$_raw_plat" in
  darwin) export SYS_OS_PLAT='darwin' ;;
  linux) export SYS_OS_PLAT='linux' ;;
  *) export SYS_OS_PLAT="\$_raw_plat" ;;
esac
export REQ_URL_SH="\${REQ_URL_SH}&sysOsPlat=\${SYS_OS_PLAT}"

if [[ \$SYS_OS_PLAT == linux ]]; then
  if [[ -z \$SYS_OS_DE ]] && [[ \$XDG_SESSION_DESKTOP ]]; then
    _raw_de="\${(L)XDG_SESSION_DESKTOP}"
    case "\$_raw_de" in
      kde) export SYS_OS_DE='plasma' ;;
      rpd|rpd-labwc) export SYS_OS_DE='lxde' ;;
      *) export SYS_OS_DE="\$_raw_de" ;;
    esac
    export REQ_URL_SH="\${REQ_URL_SH}&sysOsDe=\${SYS_OS_DE}"
  fi

  if [[ -f /etc/os-release ]]; then
    source /etc/os-release

    if [[ -z \$SYS_OS ]] && [[ \$ID ]]; then
      export SYS_OS="\${(L)ID}"
      export REQ_URL_SH="\${REQ_URL_SH}&sysOs=\${SYS_OS}"
    fi

    if [[ -z \$SYS_OS_LIKE ]] && [[ \$SYS_OS ]]; then
      export SYS_OS_LIKE="\${SYS_OS}\${ID_LIKE:+_\${(L)\${ID_LIKE// /_}}}"
      export REQ_URL_SH="\${REQ_URL_SH}&sysOsLike=\${SYS_OS_LIKE}"
    fi

    if [[ -z \$SYS_OS_VERS ]] && [[ \$VERSION_ID ]]; then
      export SYS_OS_VERS="\${(L)VERSION_ID}"
      export REQ_URL_SH="\${REQ_URL_SH}&sysOsVers=\${SYS_OS_VERS}"
    fi

    if [[ -z \$SYS_OS_VERS_CODE ]] && [[ \$VERSION_CODENAME ]]; then
      export SYS_OS_VERS_CODE="\${(L)VERSION_CODENAME}"
      export REQ_URL_SH="\${REQ_URL_SH}&sysOsVersCode=\${SYS_OS_VERS_CODE}"
    fi
  fi
fi

export SYS_USER="\${(L)\$(whoami)}"
export REQ_URL_SH="\${REQ_URL_SH}&sysUser=\${SYS_USER}"


eval "\$( curl --fail-with-body --location --no-progress-meter --url \$REQ_URL_SH )"

\`
`;
